// Jest Snapshot v1, https://goo.gl/fbAQLP

exports[`Button test should render correctly 1`] = `ShallowWrapper {}`;
