// Jest Snapshot v1, https://goo.gl/fbAQLP

exports[`DropDownMenu test should render correctly 1`] = `ShallowWrapper {}`;
