// Jest Snapshot v1, https://goo.gl/fbAQLP

exports[`ProgressBar test should render correctly 1`] = `ShallowWrapper {}`;
