// Jest Snapshot v1, https://goo.gl/fbAQLP

exports[`Loading Spinner test should render correctly 1`] = `ShallowWrapper {}`;
